// Jest Snapshot v1, https://goo.gl/fbAQLP

exports[`InputLabel should render successfully 1`] = `
.emotion-0 {
  color: rgba(0, 0, 0, 0.6);
  font-family: "Roboto","Helvetica","Arial",sans-serif;
  font-weight: 400;
  font-size: 1rem;
  line-height: 1.4375em;
  letter-spacing: 0.00938em;
  padding: 0;
  position: relative;
  display: block;
  transform-origin: top left;
  white-space: nowrap;
  overflow: hidden;
  text-overflow: ellipsis;
  max-width: 100%;
  -webkit-transition: color 200ms cubic-bezier(0.0, 0, 0.2, 1) 0ms,-webkit-transform 200ms cubic-bezier(0.0, 0, 0.2, 1) 0ms,max-width 200ms cubic-bezier(0.0, 0, 0.2, 1) 0ms;
  transition: color 200ms cubic-bezier(0.0, 0, 0.2, 1) 0ms,transform 200ms cubic-bezier(0.0, 0, 0.2, 1) 0ms,max-width 200ms cubic-bezier(0.0, 0, 0.2, 1) 0ms;
  font-size: 1.2rem;
  color: black;
  z-index: 1;
  width: auto;
  margin-bottom: 5px;
  font-family: Verdana,Arial,sans-serif;
}

.emotion-0.Mui-focused {
  color: #1976d2;
}

.emotion-0.Mui-disabled {
  color: rgba(0, 0, 0, 0.38);
}

.emotion-0.Mui-error {
  color: #d32f2f;
}

<div>
  <label
    class="MuiInputLabel-root MuiInputLabel-animated MuiFormLabel-root MuiFormLabel-colorPrimary emotion-0"
  >
    Label Text
  </label>
</div>
`;
