// Jest Snapshot v1, https://goo.gl/fbAQLP

exports[`PageLayout should render successfully 1`] = `
.emotion-0 {
  max-width: 1400px;
  width: 100%;
  margin-left: auto;
  margin-right: auto;
}

<div>
  <div
    class="emotion-0"
  >
    content
  </div>
</div>
`;
