// Jest Snapshot v1, https://goo.gl/fbAQLP

exports[`Breadcrumb should be added the link 1`] = `
.emotion-1 {
  margin: 0;
  font-family: "Roboto","Helvetica","Arial",sans-serif;
  font-weight: 400;
  font-size: 1rem;
  line-height: 1.5;
  letter-spacing: 0.00938em;
  color: rgba(0, 0, 0, 0.6);
  font-size: 12px;
}

.emotion-1 a {
  text-decoration-color: #1eabe3!important;
}

.emotion-2 {
  display: -webkit-box;
  display: -webkit-flex;
  display: -ms-flexbox;
  display: flex;
  -webkit-box-flex-wrap: wrap;
  -webkit-flex-wrap: wrap;
  -ms-flex-wrap: wrap;
  flex-wrap: wrap;
  -webkit-align-items: center;
  -webkit-box-align: center;
  -ms-flex-align: center;
  align-items: center;
  padding: 0;
  margin: 0;
  list-style: none;
}

.emotion-4 {
  margin: 0;
  font-family: "Roboto","Helvetica","Arial",sans-serif;
  font-weight: 400;
  font-size: 0.75rem;
  line-height: 1.66;
  letter-spacing: 0.03333em;
  color: #1976d2;
  font-weight: normal;
  font-style: normal;
  -webkit-text-decoration: underline;
  text-decoration: underline;
  font-family: Verdana,Arial,sans-serif;
}

.emotion-5 {
  display: -webkit-box;
  display: -webkit-flex;
  display: -ms-flexbox;
  display: flex;
  -webkit-user-select: none;
  -moz-user-select: none;
  -ms-user-select: none;
  user-select: none;
  margin-left: 8px;
  margin-right: 8px;
}

.emotion-10 {
  margin: 0;
  font-family: "Roboto","Helvetica","Arial",sans-serif;
  font-weight: 400;
  font-size: 0.75rem;
  line-height: 1.66;
  letter-spacing: 0.03333em;
  color: rgba(0, 0, 0, 0.87);
  font-weight: normal;
  font-style: normal;
  -webkit-text-decoration: none;
  text-decoration: none;
  font-family: Verdana,Arial,sans-serif;
}

<div>
  <nav
    class="MuiTypography-root MuiTypography-body1 MuiBreadcrumbs-root emotion-0 emotion-1"
  >
    <ol
      class="MuiBreadcrumbs-ol emotion-2"
    >
      <li
        class="MuiBreadcrumbs-li"
      >
        <a
          aria-current="page"
          class="active"
          data-cy="breadcrumb-item:HOME"
          href="/"
        >
          <span
            class="MuiTypography-root MuiTypography-caption emotion-3 emotion-4"
          >
            HOME
          </span>
        </a>
      </li>
      <li
        aria-hidden="true"
        class="MuiBreadcrumbs-separator emotion-5"
      >
        /
      </li>
      <li
        class="MuiBreadcrumbs-li"
      >
        <a
          class=""
          data-cy="breadcrumb-item:SUB-LINK"
          href="/sub-link"
        >
          <span
            class="MuiTypography-root MuiTypography-caption emotion-3 emotion-4"
          >
            SUB-LINK
          </span>
        </a>
      </li>
      <li
        aria-hidden="true"
        class="MuiBreadcrumbs-separator emotion-5"
      >
        /
      </li>
      <li
        class="MuiBreadcrumbs-li"
      >
        <span
          class="MuiTypography-root MuiTypography-caption emotion-3 emotion-10"
          data-cy="Current Page Breadcrumb:CURRENT-PAGE"
        >
          CURRENT-PAGE
        </span>
      </li>
    </ol>
  </nav>
</div>
`;

exports[`Breadcrumb should render successfully 1`] = `
.emotion-1 {
  margin: 0;
  font-family: "Roboto","Helvetica","Arial",sans-serif;
  font-weight: 400;
  font-size: 1rem;
  line-height: 1.5;
  letter-spacing: 0.00938em;
  color: rgba(0, 0, 0, 0.6);
  font-size: 12px;
}

.emotion-1 a {
  text-decoration-color: #1eabe3!important;
}

.emotion-2 {
  display: -webkit-box;
  display: -webkit-flex;
  display: -ms-flexbox;
  display: flex;
  -webkit-box-flex-wrap: wrap;
  -webkit-flex-wrap: wrap;
  -ms-flex-wrap: wrap;
  flex-wrap: wrap;
  -webkit-align-items: center;
  -webkit-box-align: center;
  -ms-flex-align: center;
  align-items: center;
  padding: 0;
  margin: 0;
  list-style: none;
}

.emotion-4 {
  margin: 0;
  font-family: "Roboto","Helvetica","Arial",sans-serif;
  font-weight: 400;
  font-size: 0.75rem;
  line-height: 1.66;
  letter-spacing: 0.03333em;
  color: #1976d2;
  font-weight: normal;
  font-style: normal;
  -webkit-text-decoration: underline;
  text-decoration: underline;
  font-family: Verdana,Arial,sans-serif;
}

.emotion-5 {
  display: -webkit-box;
  display: -webkit-flex;
  display: -ms-flexbox;
  display: flex;
  -webkit-user-select: none;
  -moz-user-select: none;
  -ms-user-select: none;
  user-select: none;
  margin-left: 8px;
  margin-right: 8px;
}

.emotion-10 {
  margin: 0;
  font-family: "Roboto","Helvetica","Arial",sans-serif;
  font-weight: 400;
  font-size: 0.75rem;
  line-height: 1.66;
  letter-spacing: 0.03333em;
  color: rgba(0, 0, 0, 0.87);
  font-weight: normal;
  font-style: normal;
  -webkit-text-decoration: none;
  text-decoration: none;
  font-family: Verdana,Arial,sans-serif;
}

<div>
  <nav
    class="MuiTypography-root MuiTypography-body1 MuiBreadcrumbs-root emotion-0 emotion-1"
  >
    <ol
      class="MuiBreadcrumbs-ol emotion-2"
    >
      <li
        class="MuiBreadcrumbs-li"
      >
        <a
          aria-current="page"
          class="active"
          data-cy="breadcrumb-item:HOME"
          href="/"
        >
          <span
            class="MuiTypography-root MuiTypography-caption emotion-3 emotion-4"
          >
            HOME
          </span>
        </a>
      </li>
      <li
        aria-hidden="true"
        class="MuiBreadcrumbs-separator emotion-5"
      >
        /
      </li>
      <li
        class="MuiBreadcrumbs-li"
      >
        <a
          class=""
          data-cy="breadcrumb-item:SUB-LINK"
          href="/sub-link"
        >
          <span
            class="MuiTypography-root MuiTypography-caption emotion-3 emotion-4"
          >
            SUB-LINK
          </span>
        </a>
      </li>
      <li
        aria-hidden="true"
        class="MuiBreadcrumbs-separator emotion-5"
      >
        /
      </li>
      <li
        class="MuiBreadcrumbs-li"
      >
        <span
          class="MuiTypography-root MuiTypography-caption emotion-3 emotion-10"
          data-cy="Current Page Breadcrumb:CURRENT-PAGE"
        >
          CURRENT-PAGE
        </span>
      </li>
    </ol>
  </nav>
</div>
`;
